Unknown	409	49221	18
DNS	8	807	4
MDNS	8	1736	2
NTP	2	180	1
SSDP	101	38156	6
ICMP	8	656	1
IGMP	5	258	4
SSL	20	1516	1
DropBox	38	17948	5
Skype	2362	501011	246
Apple	15	2045	2
AppleiCloud	88	20520	2
Spotify	5	430	1
