Unknown	241	60170	16
DNS	6	627	3
MDNS	3	400	2
NetBIOS	22	3106	7
SSDP	40	14100	3
ICMP	4	328	1
IGMP	4	226	4
SSL	22	1444	3
DropBox	16	7342	5
Skype	1637	379382	221
Apple	84	20699	2
